---
source: parser/src/string.rs
expression: parse_ast
---
[
    FormattedValue(
        ExprFormattedValue {
            value: Yield(
                ExprYield {
                    value: None,
                    range: 3..8,
                },
            ),
            conversion: Int(
                0,
            ),
            format_spec: None,
            range: 0..10,
        },
    ),
]
