---
source: parser/src/parser.rs
expression: parse_ast
---
[
    Match(
        StmtMatch {
            subject: Dict(
                ExprDict {
                    keys: [
                        Some(
                            Constant(
                                ExprConstant {
                                    value: Str(
                                        "test",
                                    ),
                                    kind: None,
                                    range: 8..14,
                                },
                            ),
                        ),
                    ],
                    values: [
                        Constant(
                            ExprConstant {
                                value: Int(
                                    1,
                                ),
                                kind: None,
                                range: 16..17,
                            },
                        ),
                    ],
                    range: 7..18,
                },
            ),
            cases: [
                MatchCase {
                    pattern: MatchMapping(
                        PatternMatchMapping {
                            keys: [],
                            patterns: [],
                            rest: Some(
                                Identifier(
                                    "rest",
                                ),
                            ),
                            range: 29..52,
                        },
                    ),
                    guard: None,
                    body: [
                        Expr(
                            StmtExpr {
                                value: Call(
                                    ExprCall {
                                        func: Name(
                                            ExprName {
                                                id: Identifier(
                                                    "print",
                                                ),
                                                ctx: Load,
                                                range: 62..67,
                                            },
                                        ),
                                        args: [
                                            Name(
                                                ExprName {
                                                    id: Identifier(
                                                        "rest",
                                                    ),
                                                    ctx: Load,
                                                    range: 68..72,
                                                },
                                            ),
                                        ],
                                        keywords: [],
                                        range: 62..73,
                                    },
                                ),
                                range: 62..73,
                            },
                        ),
                    ],
                    range: PhantomData<ruff_text_size::range::TextRange>,
                },
            ],
            range: 1..73,
        },
    ),
    Match(
        StmtMatch {
            subject: Dict(
                ExprDict {
                    keys: [
                        Some(
                            Constant(
                                ExprConstant {
                                    value: Str(
                                        "label",
                                    ),
                                    kind: None,
                                    range: 81..88,
                                },
                            ),
                        ),
                    ],
                    values: [
                        Constant(
                            ExprConstant {
                                value: Str(
                                    "test",
                                ),
                                kind: None,
                                range: 90..96,
                            },
                        ),
                    ],
                    range: 80..97,
                },
            ),
            cases: [
                MatchCase {
                    pattern: MatchMapping(
                        PatternMatchMapping {
                            keys: [
                                Constant(
                                    ExprConstant {
                                        value: Str(
                                            "label",
                                        ),
                                        kind: None,
                                        range: 118..125,
                                    },
                                ),
                            ],
                            patterns: [
                                MatchAs(
                                    PatternMatchAs {
                                        pattern: Some(
                                            MatchOr(
                                                PatternMatchOr {
                                                    patterns: [
                                                        MatchClass(
                                                            PatternMatchClass {
                                                                cls: Name(
                                                                    ExprName {
                                                                        id: Identifier(
                                                                            "str",
                                                                        ),
                                                                        ctx: Load,
                                                                        range: 127..130,
                                                                    },
                                                                ),
                                                                patterns: [],
                                                                kwd_attrs: [],
                                                                kwd_patterns: [],
                                                                range: 127..132,
                                                            },
                                                        ),
                                                        MatchSingleton(
                                                            PatternMatchSingleton {
                                                                value: None,
                                                                range: 135..139,
                                                            },
                                                        ),
                                                    ],
                                                    range: 127..139,
                                                },
                                            ),
                                        ),
                                        name: Some(
                                            Identifier(
                                                "label",
                                            ),
                                        ),
                                        range: 127..148,
                                    },
                                ),
                            ],
                            rest: None,
                            range: 108..155,
                        },
                    ),
                    guard: None,
                    body: [
                        Expr(
                            StmtExpr {
                                value: Call(
                                    ExprCall {
                                        func: Name(
                                            ExprName {
                                                id: Identifier(
                                                    "print",
                                                ),
                                                ctx: Load,
                                                range: 165..170,
                                            },
                                        ),
                                        args: [
                                            Name(
                                                ExprName {
                                                    id: Identifier(
                                                        "label",
                                                    ),
                                                    ctx: Load,
                                                    range: 171..176,
                                                },
                                            ),
                                        ],
                                        keywords: [],
                                        range: 165..177,
                                    },
                                ),
                                range: 165..177,
                            },
                        ),
                    ],
                    range: PhantomData<ruff_text_size::range::TextRange>,
                },
            ],
            range: 74..177,
        },
    ),
    Match(
        StmtMatch {
            subject: Name(
                ExprName {
                    id: Identifier(
                        "x",
                    ),
                    ctx: Load,
                    range: 184..185,
                },
            ),
            cases: [
                MatchCase {
                    pattern: MatchSequence(
                        PatternMatchSequence {
                            patterns: [
                                MatchValue(
                                    PatternMatchValue {
                                        value: Constant(
                                            ExprConstant {
                                                value: Int(
                                                    0,
                                                ),
                                                kind: None,
                                                range: 197..198,
                                            },
                                        ),
                                        range: 197..198,
                                    },
                                ),
                                MatchValue(
                                    PatternMatchValue {
                                        value: Constant(
                                            ExprConstant {
                                                value: Int(
                                                    1,
                                                ),
                                                kind: None,
                                                range: 200..201,
                                            },
                                        ),
                                        range: 200..201,
                                    },
                                ),
                            ],
                            range: 196..203,
                        },
                    ),
                    guard: None,
                    body: [
                        Assign(
                            StmtAssign {
                                targets: [
                                    Name(
                                        ExprName {
                                            id: Identifier(
                                                "y",
                                            ),
                                            ctx: Store,
                                            range: 213..214,
                                        },
                                    ),
                                ],
                                value: Constant(
                                    ExprConstant {
                                        value: Int(
                                            0,
                                        ),
                                        kind: None,
                                        range: 217..218,
                                    },
                                ),
                                type_comment: None,
                                range: 213..218,
                            },
                        ),
                    ],
                    range: PhantomData<ruff_text_size::range::TextRange>,
                },
            ],
            range: 178..218,
        },
    ),
    Match(
        StmtMatch {
            subject: Name(
                ExprName {
                    id: Identifier(
                        "x",
                    ),
                    ctx: Load,
                    range: 225..226,
                },
            ),
            cases: [
                MatchCase {
                    pattern: MatchSequence(
                        PatternMatchSequence {
                            patterns: [
                                MatchValue(
                                    PatternMatchValue {
                                        value: Constant(
                                            ExprConstant {
                                                value: Int(
                                                    0,
                                                ),
                                                kind: None,
                                                range: 238..239,
                                            },
                                        ),
                                        range: 238..239,
                                    },
                                ),
                                MatchValue(
                                    PatternMatchValue {
                                        value: Constant(
                                            ExprConstant {
                                                value: Int(
                                                    1,
                                                ),
                                                kind: None,
                                                range: 241..242,
                                            },
                                        ),
                                        range: 241..242,
                                    },
                                ),
                            ],
                            range: 237..244,
                        },
                    ),
                    guard: None,
                    body: [
                        Assign(
                            StmtAssign {
                                targets: [
                                    Name(
                                        ExprName {
                                            id: Identifier(
                                                "y",
                                            ),
                                            ctx: Store,
                                            range: 254..255,
                                        },
                                    ),
                                ],
                                value: Constant(
                                    ExprConstant {
                                        value: Int(
                                            0,
                                        ),
                                        kind: None,
                                        range: 258..259,
                                    },
                                ),
                                type_comment: None,
                                range: 254..259,
                            },
                        ),
                    ],
                    range: PhantomData<ruff_text_size::range::TextRange>,
                },
            ],
            range: 219..259,
        },
    ),
    Match(
        StmtMatch {
            subject: Name(
                ExprName {
                    id: Identifier(
                        "x",
                    ),
                    ctx: Load,
                    range: 266..267,
                },
            ),
            cases: [
                MatchCase {
                    pattern: MatchSequence(
                        PatternMatchSequence {
                            patterns: [
                                MatchValue(
                                    PatternMatchValue {
                                        value: Constant(
                                            ExprConstant {
                                                value: Int(
                                                    0,
                                                ),
                                                kind: None,
                                                range: 279..280,
                                            },
                                        ),
                                        range: 279..280,
                                    },
                                ),
                            ],
                            range: 278..282,
                        },
                    ),
                    guard: None,
                    body: [
                        Assign(
                            StmtAssign {
                                targets: [
                                    Name(
                                        ExprName {
                                            id: Identifier(
                                                "y",
                                            ),
                                            ctx: Store,
                                            range: 292..293,
                                        },
                                    ),
                                ],
                                value: Constant(
                                    ExprConstant {
                                        value: Int(
                                            0,
                                        ),
                                        kind: None,
                                        range: 296..297,
                                    },
                                ),
                                type_comment: None,
                                range: 292..297,
                            },
                        ),
                    ],
                    range: PhantomData<ruff_text_size::range::TextRange>,
                },
            ],
            range: 260..297,
        },
    ),
]
