---
source: parser/src/parser.rs
expression: parse_ast
---
[
    FunctionDef(
        StmtFunctionDef {
            name: Identifier(
                "args_to_tuple",
            ),
            args: Arguments {
                posonlyargs: [],
                args: [],
                vararg: Some(
                    Arg {
                        arg: Identifier(
                            "args",
                        ),
                        annotation: Some(
                            Starred(
                                ExprStarred {
                                    value: Name(
                                        ExprName {
                                            id: Identifier(
                                                "Ts",
                                            ),
                                            ctx: Load,
                                            range: 27..29,
                                        },
                                    ),
                                    ctx: Load,
                                    range: 26..29,
                                },
                            ),
                        ),
                        type_comment: None,
                        range: 20..29,
                    },
                ),
                kwonlyargs: [],
                kw_defaults: [],
                kwarg: None,
                defaults: [],
                range: (),
            },
            body: [
                Expr(
                    StmtExpr {
                        value: Constant(
                            ExprConstant {
                                value: Ellipsis,
                                kind: None,
                                range: 46..49,
                            },
                        ),
                        range: 46..49,
                    },
                ),
            ],
            decorator_list: [],
            returns: Some(
                Subscript(
                    ExprSubscript {
                        value: Name(
                            ExprName {
                                id: Identifier(
                                    "Tuple",
                                ),
                                ctx: Load,
                                range: 34..39,
                            },
                        ),
                        slice: Starred(
                            ExprStarred {
                                value: Name(
                                    ExprName {
                                        id: Identifier(
                                            "Ts",
                                        ),
                                        ctx: Load,
                                        range: 41..43,
                                    },
                                ),
                                ctx: Load,
                                range: 40..43,
                            },
                        ),
                        ctx: Load,
                        range: 34..44,
                    },
                ),
            ),
            type_comment: None,
            range: 1..49,
        },
    ),
]
