---
source: parser/src/context.rs
expression: parse_ast
---
[
    Attributed {
        custom: (),
        node: For(
            StmtFor {
                target: Attributed {
                    custom: (),
                    node: Name(
                        ExprName {
                            id: Identifier(
                                "x",
                            ),
                            ctx: Store,
                            range: 4..5,
                        },
                    ),
                },
                iter: Attributed {
                    custom: (),
                    node: Tuple(
                        ExprTuple {
                            elts: [
                                Attributed {
                                    custom: (),
                                    node: Constant(
                                        ExprConstant {
                                            value: Int(
                                                1,
                                            ),
                                            kind: None,
                                            range: 10..11,
                                        },
                                    ),
                                },
                                Attributed {
                                    custom: (),
                                    node: Constant(
                                        ExprConstant {
                                            value: Int(
                                                2,
                                            ),
                                            kind: None,
                                            range: 13..14,
                                        },
                                    ),
                                },
                                Attributed {
                                    custom: (),
                                    node: Constant(
                                        ExprConstant {
                                            value: Int(
                                                3,
                                            ),
                                            kind: None,
                                            range: 16..17,
                                        },
                                    ),
                                },
                            ],
                            ctx: Load,
                            range: 9..18,
                        },
                    ),
                },
                body: [
                    Attributed {
                        custom: (),
                        node: Pass(
                            StmtPass {
                                range: 20..24,
                            },
                        ),
                    },
                ],
                orelse: [],
                type_comment: None,
                range: 0..24,
            },
        ),
    },
]
