---
source: parser/src/context.rs
expression: parse_ast
---
[
    Delete(
        StmtDelete {
            targets: [
                Name(
                    ExprName {
                        id: Identifier(
                            "x",
                        ),
                        ctx: Del,
                        range: 4..5,
                    },
                ),
            ],
            range: 0..5,
        },
    ),
]
