---
source: parser/src/parser.rs
expression: parse_ast
---
[
    Expr(
        StmtExpr {
            value: JoinedStr(
                ExprJoinedStr {
                    values: [
                        Constant(
                            ExprConstant {
                                value: Str(
                                    "Hello world",
                                ),
                                kind: None,
                                range: 0..14,
                            },
                        ),
                    ],
                    range: 0..14,
                },
            ),
            range: 0..14,
        },
    ),
]
