---
source: parser/src/string.rs
expression: parse_ast
---
[
    Expr(
        StmtExpr {
            value: JoinedStr(
                ExprJoinedStr {
                    values: [
                        Constant(
                            ExprConstant {
                                value: Str(
                                    "Hello world",
                                ),
                                kind: Some(
                                    "u",
                                ),
                                range: 0..18,
                            },
                        ),
                    ],
                    range: 0..18,
                },
            ),
            range: 0..18,
        },
    ),
]
