---
source: parser/src/context.rs
expression: parse_ast
---
[
    If(
        StmtIf {
            test: NamedExpr(
                ExprNamedExpr {
                    target: Name(
                        ExprName {
                            id: Identifier(
                                "x",
                            ),
                            ctx: Store,
                            range: 3..4,
                        },
                    ),
                    value: Constant(
                        ExprConstant {
                            value: Int(
                                1,
                            ),
                            kind: None,
                            range: 7..8,
                        },
                    ),
                    range: 3..8,
                },
            ),
            body: [
                Pass(
                    StmtPass {
                        range: 10..14,
                    },
                ),
            ],
            orelse: [],
            range: 0..14,
        },
    ),
]
