---
source: parser/src/function.rs
expression: parse_ast
---
Ok(
    [
        Attributed {
            custom: (),
            node: Expr(
                StmtExpr {
                    value: Attributed {
                        custom: (),
                        node: Lambda(
                            ExprLambda {
                                args: Arguments {
                                    posonlyargs: [],
                                    args: [],
                                    vararg: None,
                                    kwonlyargs: [],
                                    kw_defaults: [],
                                    kwarg: None,
                                    defaults: [],
                                    range: 0..9,
                                },
                                body: Attributed {
                                    custom: (),
                                    node: Constant(
                                        ExprConstant {
                                            value: Int(
                                                1,
                                            ),
                                            kind: None,
                                            range: 8..9,
                                        },
                                    ),
                                },
                                range: 0..9,
                            },
                        ),
                    },
                    range: 0..9,
                },
            ),
        },
    ],
)
