---
source: parser/src/context.rs
expression: parse_ast
---
[
    Attributed {
        custom: (),
        node: With(
            StmtWith {
                items: [
                    Withitem {
                        context_expr: Attributed {
                            custom: (),
                            node: Constant(
                                ExprConstant {
                                    value: Int(
                                        1,
                                    ),
                                    kind: None,
                                    range: 5..6,
                                },
                            ),
                        },
                        optional_vars: Some(
                            Attributed {
                                custom: (),
                                node: Name(
                                    ExprName {
                                        id: Identifier(
                                            "x",
                                        ),
                                        ctx: Store,
                                        range: 10..11,
                                    },
                                ),
                            },
                        ),
                        range: 5..11,
                    },
                ],
                body: [
                    Attributed {
                        custom: (),
                        node: Pass(
                            StmtPass {
                                range: 13..17,
                            },
                        ),
                    },
                ],
                type_comment: None,
                range: 0..17,
            },
        ),
    },
]
