---
source: parser/src/string.rs
expression: parse_ast
---
[
    Attributed {
        custom: (),
        node: Expr(
            StmtExpr {
                value: Attributed {
                    custom: (),
                    node: Constant(
                        ExprConstant {
                            value: Str(
                                "Hello world",
                            ),
                            kind: Some(
                                "u",
                            ),
                            range: 0..17,
                        },
                    ),
                },
                range: 0..17,
            },
        ),
    },
]
