---
source: parser/src/parser.rs
expression: parse_ast
---
Dict(
    ExprDict {
        keys: [
            Some(
                Constant(
                    ExprConstant {
                        value: Str(
                            "a",
                        ),
                        kind: None,
                        range: 1..4,
                    },
                ),
            ),
            None,
            Some(
                Constant(
                    ExprConstant {
                        value: Str(
                            "d",
                        ),
                        kind: None,
                        range: 16..19,
                    },
                ),
            ),
        ],
        values: [
            Constant(
                ExprConstant {
                    value: Str(
                        "b",
                    ),
                    kind: None,
                    range: 6..9,
                },
            ),
            Name(
                ExprName {
                    id: Identifier(
                        "c",
                    ),
                    ctx: Load,
                    range: 13..14,
                },
            ),
            Constant(
                ExprConstant {
                    value: Str(
                        "e",
                    ),
                    kind: None,
                    range: 21..24,
                },
            ),
        ],
        range: 0..25,
    },
)
