---
source: parser/src/string.rs
expression: parse_ast
---
[
    Expr(
        StmtExpr {
            value: Constant(
                ExprConstant {
                    value: Bytes(
                        [
                            35,
                            97,
                            4,
                            83,
                            52,
                        ],
                    ),
                    kind: None,
                    range: 0..14,
                },
            ),
            range: 0..14,
        },
    ),
]
